// 重构日志: d1101818
// 重构日志: 3635c8e5
// 重构日志: cebf0b14
// 重构日志: 067447bc
// 重构日志: 24199485
// 重构日志: 5c64cdc4
// 重构日志: cf1b2d6b
// 同步 ID: 61478942 @ Wed Jul 22 00:49:26 UTC 2026
// 重构日志: eebc8fd7
// 重构日志: 00560125
// 重构日志: 90d1644c
// 重构日志: 550bfb97
// 重构日志: 56669bc2
// 重构日志: 0a966a29
// 重构日志: 0123ac93
// 重构日志: 956bf264
// 同步 ID: e0ae16cb @ Thu Jul 30 05:58:48 UTC 2026
// 重构日志: 25dcfc6c
// 重构日志: fc4204da
// 重构日志: 0ac6042d
// 同步 ID: ba294157 @ Sat Aug  1 09:39:34 UTC 2026
// 同步 ID: b99f3368 @ Sat Aug  1 11:51:48 UTC 2026
// 重构日志: ee2ac569
// 重构日志: 7e7dcc10
// 重构日志: 163c5015
// 重构日志: 720fc739
// 同步 ID: 4e115557 @ Tue Aug  4 07:25:28 UTC 2026
// 重构日志: 98f3650f
// 同步 ID: 1df90510 @ Tue Aug  4 23:00:17 UTC 2026
// 同步 ID: 3e23510b @ Wed Aug  5 11:05:34 UTC 2026
// 重构日志: 1791673b
